Number of warnings: 0
Number of errors: 0
------------------------------------

Memory Configuration: Data Addresses: 0-9999  Instruction Addresses: 0-9999
Loading file: c0e.tm
1024 
1024 
1023 
1023 
Status: Halted
Bye.
