Number of warnings: 0
Number of errors: 0
------------------------------------

Memory Configuration: Data Addresses: 0-9999  Instruction Addresses: 0-9999
Loading file: d01.tm
T F F T F T T F T T T F F T T F Status: Halted
Bye.
