Number of warnings: 0
Number of errors: 0
------------------------------------

Memory Configuration: Data Addresses: 0-9999  Instruction Addresses: 0-9999
Loading file: d02.tm
1019 66443 664 2 66449 0 -491 
Status: Halted
Bye.
