Number of warnings: 0
Number of errors: 0
------------------------------------

Memory Configuration: Data Addresses: 0-9999  Instruction Addresses: 0-9999
Loading file: d04.tm
T T T F T 
T T T F F 
Status: Halted
Bye.
