Number of warnings: 0
Number of errors: 0
------------------------------------

Memory Configuration: Data Addresses: 0-9999  Instruction Addresses: 0-9999
Loading file: e08.tm
0 1 2 3 4 5 666 Status: Halted
Bye.
