Number of warnings: 0
Number of errors: 0
------------------------------------

Memory Configuration: Data Addresses: 0-9999  Instruction Addresses: 0-9999
Loading file: f0b.tm
1001 99 
Status: Halted
Bye.
