Number of warnings: 0
Number of errors: 0
------------------------------------

Memory Configuration: Data Addresses: 0-9999  Instruction Addresses: 0-9999
Loading file: j00.tm
7 7 7 
7 7 7 
7 7 7 
7 7 7 
Status: Halted
Bye.
