Number of warnings: 0
Number of errors: 0
------------------------------------

Memory Configuration: Data Addresses: 0-9999  Instruction Addresses: 0-9999
Loading file: array.tm
3 3 4 496 
3 3 314 496 
3 
314 3 
314 3 
Status: Halted
Bye.
