WARNING(16): Expecting to return type int but function 'fox' has no return statement.
Number of warnings: 1
Number of errors: 0
------------------------------------

Memory Configuration: Data Addresses: 0-9999  Instruction Addresses: 0-9999
Loading file: call5.tm
1279 111 222 666 1332 0 2220 
Status: Halted
Bye.
