Number of warnings: 0
Number of errors: 0
------------------------------------

Memory Configuration: Data Addresses: 0-9999  Instruction Addresses: 0-9999
Loading file: comb.tm
4 2 6 
5 2 10 
6 2 15 
6 3 20 
7 2 21 
7 3 35 
8 2 28 
8 3 56 
8 4 70 
9 2 36 
9 3 84 
9 4 126 
10 2 45 
10 3 120 
10 4 210 
10 5 252 
11 2 55 
11 3 165 
11 4 330 
11 5 462 
12 2 66 
12 3 220 
12 4 495 
12 5 792 
12 6 924 
13 2 78 
13 3 286 
13 4 715 
13 5 1287 
13 6 1716 
14 2 91 
14 3 364 
14 4 1001 
14 5 2002 
14 6 3003 
14 7 3432 
15 2 105 
15 3 455 
15 4 1365 
15 5 3003 
15 6 5005 
15 7 6435 
Status: Halted
Bye.
