Number of warnings: 0
Number of errors: 0
------------------------------------

Memory Configuration: Data Addresses: 0-9999  Instruction Addresses: 0-9999
Loading file: compare.tm
T F F F T F F F T T T F F T T T F T Status: Halted
Bye.
