Number of warnings: 0
Number of errors: 0
------------------------------------

Memory Configuration: Data Addresses: 0-9999  Instruction Addresses: 0-9999
Loading file: exp3.tm
1 
2 
20000210 
357948178 
715896356 
T 
Status: Halted
Bye.
