Number of warnings: 0
Number of errors: 0
------------------------------------

Memory Configuration: Data Addresses: 0-9999  Instruction Addresses: 0-9999
Loading file: io.tm
777 F 
666 
-666 -666 
666 666 
entered: 667
667 
entered: T
T 
entered: 6
entered: 36
216 
entered: T
entered: F
F 
Status: Halted
Bye.
