Number of warnings: 0
Number of errors: 0
------------------------------------

Memory Configuration: Data Addresses: 0-9999  Instruction Addresses: 0-9999
Loading file: miller.tm
100 
50 
100 
12 
66 
25 
777 
123 
888 
777 
3 
987 
774 
987 
9 
66 
77 
10 9 8 7 6 5 4 3 2 1 
Status: Halted
Bye.
