Number of warnings: 0
Number of errors: 0
------------------------------------

Memory Configuration: Data Addresses: 0-9999  Instruction Addresses: 0-9999
Loading file: mod.tm
0 0 1 2 0 
0 10 
0 
0 0 -1 -2 0 
0 -10 
21 21 -21 -21 Status: Halted
Bye.
