Number of warnings: 0
Number of errors: 0
------------------------------------

Memory Configuration: Data Addresses: 0-9999  Instruction Addresses: 0-9999
Loading file: queens.tm
entered: 4
1 3 0 2 
2 0 3 1 
2 
entered: 7
0 2 4 6 1 3 5 
0 3 6 2 5 1 4 
0 4 1 5 2 6 3 
0 5 3 1 6 4 2 
1 3 0 6 4 2 5 
1 3 5 0 2 4 6 
1 4 0 3 6 2 5 
1 4 2 0 6 3 5 
1 4 6 3 0 2 5 
1 5 2 6 3 0 4 
1 6 4 2 0 5 3 
2 0 5 1 4 6 3 
2 0 5 3 1 6 4 
2 4 6 1 3 5 0 
2 5 1 4 0 3 6 
2 6 1 3 5 0 4 
2 6 3 0 4 1 5 
3 0 2 5 1 6 4 
3 0 4 1 5 2 6 
3 1 6 4 2 0 5 
3 5 0 2 4 6 1 
3 6 2 5 1 4 0 
3 6 4 1 5 0 2 
4 0 3 6 2 5 1 
4 0 5 3 1 6 2 
4 1 5 2 6 3 0 
4 2 0 5 3 1 6 
4 6 1 3 5 0 2 
4 6 1 5 2 0 3 
5 0 2 4 6 1 3 
5 1 4 0 3 6 2 
5 2 0 3 6 4 1 
5 2 4 6 0 3 1 
5 2 6 3 0 4 1 
5 3 1 6 4 2 0 
5 3 6 0 2 4 1 
6 1 3 5 0 2 4 
6 2 5 1 4 0 3 
6 3 0 4 1 5 2 
6 4 2 0 5 3 1 
40 
entered: 0
Status: Halted
Bye.
