Number of warnings: 0
Number of errors: 0
------------------------------------

Memory Configuration: Data Addresses: 0-9999  Instruction Addresses: 0-9999
Loading file: scope2.tm
444 555 666 777 888 
444 111 777 888 
11 12 777 15 
815 777 16 
Status: Halted
Bye.
