Number of warnings: 0
Number of errors: 0
------------------------------------

Memory Configuration: Data Addresses: 0-9999  Instruction Addresses: 0-9999
Loading file: sort.tm
entered: 31
entered: 41
entered: 59
entered: 26
entered: 53
entered: 58
entered: 97
entered: 93
entered: 23
entered: 84
23 26 31 41 53 58 59 84 93 97 Status: Halted
Bye.
