Number of warnings: 0
Number of errors: 0
------------------------------------

Memory Configuration: Data Addresses: 0-9999  Instruction Addresses: 0-9999
Loading file: sudoku.tm

2 1 7 3 9 6 5 8 4 
6 5 8 2 1 4 9 7 3 
4 3 9 5 8 7 1 6 2 
3 2 5 9 4 8 7 1 6 
7 9 4 6 3 1 8 2 5 
8 6 1 7 2 5 4 3 9 
9 8 3 1 5 2 6 4 7 
1 7 2 4 6 9 3 5 8 
5 4 6 8 7 3 2 9 1 

Status: Halted
