Number of warnings: 0
Number of errors: 0
------------------------------------

Memory Configuration: Data Addresses: 0-9999  Instruction Addresses: 0-9999
Loading file: unary.tm
-88 -88 
-15 3 
F F T T F T 
7 5 Status: Halted
Bye.
