Number of warnings: 0
Number of errors: 0
------------------------------------

Memory Configuration: Data Addresses: 0-9999  Instruction Addresses: 0-9999
Loading file: vararray.tm
11 
111 111 
111 12 
222 222 
222 13 
333 333 
333 Status: Halted
Bye.
