Number of warnings: 0
Number of errors: 0
------------------------------------

Memory Configuration: Data Addresses: 0-9999  Instruction Addresses: 0-9999
Loading file: tinyVarAssign.tm
999 111 
222 444 222 
333 555 10 
999 111 10 
444 666 10 
999 111 
Status: Halted
Bye.
