Number of warnings: 0
Number of errors: 0
------------------------------------

Memory Configuration: Data Addresses: 0-9999  Instruction Addresses: 0-9999
Loading file: tinyInit2.tm
11 22 33 
690642 592185 518370 
Status: Halted
Bye.
