Number of warnings: 0
Number of errors: 0
------------------------------------

Memory Configuration: Data Addresses: 0-9999  Instruction Addresses: 0-9999
Loading file: tinyVarPair.tm
111 222 
333 444 
555 666 
777 888 
111 222 
333 444 
555 666 
777 888 
Status: Halted
Bye.
